→ static hooks-order check
hooks-check: PASS — no hooks after the App-shell guards
→ static scope check

==== SCOPE: clean — no NEW undefined identifiers (0 known, tracked) ====
→ creating throwaway agent smoke_1786502954_515@example.com
→ seeding the throwaway agent
seeded: 4 contacts, plus tasks, events, a deal and a journal entry
→ running smoke check
✓ PASS  dashboard
✓ PASS  inbox
✓ PASS  contacts
✓ PASS  tasks
✓ PASS  calendar
✓ PASS  quo
✓ PASS  email_review
✓ PASS  group_message
✓ PASS  chief
✓ PASS  agentruns
✓ PASS  agent_activity
✓ PASS  journal
✓ PASS  brain
✓ PASS  prospecting
✓ PASS  settings
✓ PASS  documents
✓ PASS  my_prism
✓ PASS  myvoice
✓ PASS  app_health
✓ PASS  listing_presentation
✓ PASS  google_contacts
✓ PASS  cadence_review
✓ PASS  ari_shell

==== SMOKE: 23/23 views OK ====
→ large-font layout check

Large-font layout check — 135% type, 390px wide

✓ dashboard      clean
✓ inbox          clean
✓ contacts       clean
✓ tasks          clean
✓ calendar       clean
✓ quo            clean
✓ chief          clean
✓ journal        clean
✓ brain          clean
✓ prospecting    clean
✓ settings       clean
✓ documents      clean
✓ my_prism       clean
✓ myvoice        clean
✓ app_health     clean
✓ listing_presentation clean
✓ google_contacts clean
✓ cadence_review clean
✓ lp_editor      clean
✓ lp_details     clean

==== LARGE FONT: 20/20 views clean ====
→ running functional gate (multi-device)

=== iphone (iPhone 15) 390x844 ===
  ✓ [iphone] login + boot
  ✓ [iphone] Contacts view
  ✓ [iphone] New-contact Save reachable
  ✓ [iphone] Room: Today / daily driver
  ✓ [iphone] Room: Tasks
  ✓ [iphone] Room: Calendar
  ✓ [iphone] Room: Inbox / Comms
  ✓ [iphone] Room: Quo (calls/texts)
  ✓ [iphone] Room: Deals / pipeline
  ✓ [iphone] Room: Recruiting roster
  ✓ [iphone] Room: Journal
  ✓ [iphone] Room: Brain (semantic)
  ✓ [iphone] Room: Library / documents
  ✓ [iphone] Room: Library (notes)
  ✓ [iphone] Room: Prospecting
  ✓ [iphone] Room: My Prism / DISC
  ✓ [iphone] Room: MyVoice
  ✓ [iphone] Room: Properties
  ✓ [iphone] Room: Investments
  ✓ [iphone] Room: Mileage
  ✓ [iphone] Room: Accounting / Finance
  ✓ [iphone] Room: Systems
  ✓ [iphone] Room: Playbooks
  ✓ [iphone] Room: Learn / Learning Center
  ✓ [iphone] Room: Ari (assistant)
  ✓ [iphone] Room: Tracker
  ✓ [iphone] Contact detail / Insights no-crash
  ✓ [iphone] My World opens on Contacts (first visit today)
  ✓ [iphone] My World resumes where you left off
  ✓ [iphone] My World resets to Contacts the next day
  ✓ [iphone] resume bookmark is per-user
  ✓ [iphone] no uncaught JS errors

=== android (Samsung Galaxy) 412x915 ===
  ✓ [android] login + boot
  ✓ [android] Contacts view
  ✓ [android] New-contact Save reachable
  ✓ [android] Room: Today / daily driver
  ✓ [android] Room: Tasks
  ✓ [android] Room: Calendar
  ✓ [android] Room: Inbox / Comms
  ✓ [android] Room: Quo (calls/texts)
  ✓ [android] Room: Deals / pipeline
  ✓ [android] Room: Recruiting roster
  ✓ [android] Room: Journal
  ✓ [android] Room: Brain (semantic)
  ✓ [android] Room: Library / documents
  ✓ [android] Room: Library (notes)
  ✓ [android] Room: Prospecting
  ✓ [android] Room: My Prism / DISC
  ✓ [android] Room: MyVoice
  ✓ [android] Room: Properties
  ✓ [android] Room: Investments
  ✓ [android] Room: Mileage
  ✓ [android] Room: Accounting / Finance
  ✓ [android] Room: Systems
  ✓ [android] Room: Playbooks
  ✓ [android] Room: Learn / Learning Center
  ✓ [android] Room: Ari (assistant)
  ✓ [android] Room: Tracker
  ✓ [android] Contact detail / Insights no-crash
  ✓ [android] My World opens on Contacts (first visit today)
  ✓ [android] My World resumes where you left off
  ✓ [android] My World resets to Contacts the next day
  ✓ [android] resume bookmark is per-user
  ✓ [android] no uncaught JS errors

=== tablet (iPad / Tab S9) 820x1180 ===
  ✓ [tablet] login + boot
  ✓ [tablet] Contacts view
  ✓ [tablet] New-contact Save reachable
  ✓ [tablet] Room: Today / daily driver
  ✓ [tablet] Room: Tasks
  ✓ [tablet] Room: Calendar
  ✓ [tablet] Room: Inbox / Comms
  ✓ [tablet] Room: Quo (calls/texts)
  ✓ [tablet] Room: Deals / pipeline
  ✓ [tablet] Room: Recruiting roster
  ✓ [tablet] Room: Journal
  ✓ [tablet] Room: Brain (semantic)
  ✓ [tablet] Room: Library / documents
  ✓ [tablet] Room: Library (notes)
  ✓ [tablet] Room: Prospecting
  ✓ [tablet] Room: My Prism / DISC
  ✓ [tablet] Room: MyVoice
  ✓ [tablet] Room: Properties
  ✓ [tablet] Room: Investments
  ✓ [tablet] Room: Mileage
  ✓ [tablet] Room: Accounting / Finance
  ✓ [tablet] Room: Systems
  ✓ [tablet] Room: Playbooks
  ✓ [tablet] Room: Learn / Learning Center
  ✓ [tablet] Room: Ari (assistant)
  ✓ [tablet] Room: Tracker
  ✓ [tablet] Contact detail / Insights no-crash
  ✓ [tablet] My World opens on Contacts (first visit today)
  ✓ [tablet] My World resumes where you left off
  ✓ [tablet] My World resets to Contacts the next day
  ✓ [tablet] resume bookmark is per-user
  ✓ [tablet] no uncaught JS errors

=== desktop (Mac / PC laptop) 1440x900 ===
  ✓ [desktop] login + boot
  ✓ [desktop] Contacts view
  ✓ [desktop] New-contact Save reachable
  ✓ [desktop] Room: Today / daily driver
  ✓ [desktop] Room: Tasks
  ✓ [desktop] Room: Calendar
  ✓ [desktop] Room: Inbox / Comms
  ✓ [desktop] Room: Quo (calls/texts)
  ✓ [desktop] Room: Deals / pipeline
  ✓ [desktop] Room: Recruiting roster
  ✓ [desktop] Room: Journal
  ✓ [desktop] Room: Brain (semantic)
  ✓ [desktop] Room: Library / documents
  ✓ [desktop] Room: Library (notes)
  ✓ [desktop] Room: Prospecting
  ✓ [desktop] Room: My Prism / DISC
  ✓ [desktop] Room: MyVoice
  ✓ [desktop] Room: Properties
  ✓ [desktop] Room: Investments
  ✓ [desktop] Room: Mileage
  ✓ [desktop] Room: Accounting / Finance
  ✓ [desktop] Room: Systems
  ✓ [desktop] Room: Playbooks
  ✓ [desktop] Room: Learn / Learning Center
  ✓ [desktop] Room: Ari (assistant)
  ✓ [desktop] Room: Tracker
  ✓ [desktop] Contact detail / Insights no-crash
  ✓ [desktop] My World opens on Contacts (first visit today)
  ✓ [desktop] My World resumes where you left off
  ✓ [desktop] My World resets to Contacts the next day
  ✓ [desktop] resume bookmark is per-user
  ✓ [desktop] no uncaught JS errors

==== FUNCTIONAL: 128/128 checks passed ====
